// Jest Snapshot v1, https://goo.gl/fbAQLP

exports[`should render App component 1`] = `
<div
  className="back"
>
  <div
    className="calculator"
  >
    <div
      className="display"
    >
      <h2
        className="display-numbers"
      >
        0
      </h2>
    </div>
    <div
      className="panel"
    >
      <div
        className="panel-row"
      >
        <button
          className="btn"
          onClick={[Function]}
          type="button"
        >
          AC
        </button>
        <button
          className="btn"
          onClick={[Function]}
          type="button"
        >
          +/-
        </button>
        <button
          className="btn"
          onClick={[Function]}
          type="button"
        >
          %
        </button>
        <button
          className="btn"
          onClick={[Function]}
          type="button"
        >
          /
        </button>
      </div>
      <div
        className="panel-row"
      >
        <button
          className="btn"
          onClick={[Function]}
          type="button"
        >
          9
        </button>
        <button
          className="btn"
          onClick={[Function]}
          type="button"
        >
          8
        </button>
        <button
          className="btn"
          onClick={[Function]}
          type="button"
        >
          7
        </button>
        <button
          className="btn"
          onClick={[Function]}
          type="button"
        >
          x
        </button>
      </div>
      <div
        className="panel-row"
      >
        <button
          className="btn"
          onClick={[Function]}
          type="button"
        >
          6
        </button>
        <button
          className="btn"
          onClick={[Function]}
          type="button"
        >
          5
        </button>
        <button
          className="btn"
          onClick={[Function]}
          type="button"
        >
          4
        </button>
        <button
          className="btn"
          onClick={[Function]}
          type="button"
        >
          -
        </button>
      </div>
      <div
        className="panel-row"
      >
        <button
          className="btn"
          onClick={[Function]}
          type="button"
        >
          3
        </button>
        <button
          className="btn"
          onClick={[Function]}
          type="button"
        >
          2
        </button>
        <button
          className="btn"
          onClick={[Function]}
          type="button"
        >
          1
        </button>
        <button
          className="btn"
          onClick={[Function]}
          type="button"
        >
          +
        </button>
      </div>
      <div
        className="panel-row"
      >
        <button
          className="btn"
          onClick={[Function]}
          type="button"
        >
          0
        </button>
        <button
          className="btn"
          onClick={[Function]}
          type="button"
        >
          .
        </button>
        <button
          className="btn"
          onClick={[Function]}
          type="button"
        >
          =
        </button>
      </div>
    </div>
  </div>
</div>
`;
