// Jest Snapshot v1, https://goo.gl/fbAQLP

exports[`should render the Quote page component 1`] = `
<div
  className="quote-div"
>
  <h3
    className="quote"
  >
    "Without mathematics, thereâ€™s nothing you can do. Everything around you is mathematics. Everything around you is numbers."
  </h3>
  <p
    className="author"
  >
    - Shakuntala Devi
  </p>
</div>
`;
